C:\Users\aless\OneDrive\Documenti\NetBeansProjects\ProjectQHO543\src\main\java\Servlet\AddCommentServlet.java
C:\Users\aless\OneDrive\Documenti\NetBeansProjects\ProjectQHO543\src\main\java\Servlet\ViewAllCommentsServlet.java
C:\Users\aless\OneDrive\Documenti\NetBeansProjects\ProjectQHO543\src\main\java\Servlet\ModifyUserServlet.java
C:\Users\aless\OneDrive\Documenti\NetBeansProjects\ProjectQHO543\src\main\java\Servlet\CommentServlet.java
C:\Users\aless\OneDrive\Documenti\NetBeansProjects\ProjectQHO543\src\main\java\DAO\CommentDAO.java
C:\Users\aless\OneDrive\Documenti\NetBeansProjects\ProjectQHO543\src\main\java\Entities\User.java
C:\Users\aless\OneDrive\Documenti\NetBeansProjects\ProjectQHO543\src\main\java\Servlet\DeleteUserServlet.java
C:\Users\aless\OneDrive\Documenti\NetBeansProjects\ProjectQHO543\src\main\java\com\mycompany\projectqho543\resources\JavaEE8Resource.java
C:\Users\aless\OneDrive\Documenti\NetBeansProjects\ProjectQHO543\src\main\java\Servlet\AddNewPointOfInterestServlet.java
C:\Users\aless\OneDrive\Documenti\NetBeansProjects\ProjectQHO543\src\main\java\DAO\PoiDAO.java
C:\Users\aless\OneDrive\Documenti\NetBeansProjects\ProjectQHO543\src\main\java\Servlet\PointOfInterestServlet.java
C:\Users\aless\OneDrive\Documenti\NetBeansProjects\ProjectQHO543\src\main\java\DBConn\DBConnection.java
C:\Users\aless\OneDrive\Documenti\NetBeansProjects\ProjectQHO543\src\main\java\com\mycompany\projectqho543\JAXRSConfiguration.java
C:\Users\aless\OneDrive\Documenti\NetBeansProjects\ProjectQHO543\src\main\java\DAO\LikeDAO.java
C:\Users\aless\OneDrive\Documenti\NetBeansProjects\ProjectQHO543\src\main\java\Servlet\signUpServlet.java
C:\Users\aless\OneDrive\Documenti\NetBeansProjects\ProjectQHO543\src\main\java\Servlet\loginServlet.java
C:\Users\aless\OneDrive\Documenti\NetBeansProjects\ProjectQHO543\src\main\java\Servlet\LikePOIServlet.java
C:\Users\aless\OneDrive\Documenti\NetBeansProjects\ProjectQHO543\src\main\java\DAO\PointOfInterestDAO.java
C:\Users\aless\OneDrive\Documenti\NetBeansProjects\ProjectQHO543\src\main\java\DAO\ConnectionManagerDAO.java
C:\Users\aless\OneDrive\Documenti\NetBeansProjects\ProjectQHO543\src\main\java\Servlet\searchPOIServlet.java
C:\Users\aless\OneDrive\Documenti\NetBeansProjects\ProjectQHO543\src\main\java\Servlet\ViewAllPointsOfInterestServlet.java
C:\Users\aless\OneDrive\Documenti\NetBeansProjects\ProjectQHO543\src\main\java\Entities\Comments.java
C:\Users\aless\OneDrive\Documenti\NetBeansProjects\ProjectQHO543\src\main\java\Servlet\DeleteCommentsServlet.java
C:\Users\aless\OneDrive\Documenti\NetBeansProjects\ProjectQHO543\src\main\java\Servlet\ViewAllUsersServlet.java
C:\Users\aless\OneDrive\Documenti\NetBeansProjects\ProjectQHO543\src\main\java\login.java
C:\Users\aless\OneDrive\Documenti\NetBeansProjects\ProjectQHO543\src\main\java\Entities\PointOfInterest.java
C:\Users\aless\OneDrive\Documenti\NetBeansProjects\ProjectQHO543\src\main\java\Servlet\ViewCommentServlet.java
C:\Users\aless\OneDrive\Documenti\NetBeansProjects\ProjectQHO543\src\main\java\Servlet\ApproveCommentsServlet.java
C:\Users\aless\OneDrive\Documenti\NetBeansProjects\ProjectQHO543\src\main\java\DAO\UserDAO.java
